timestamp,Driver Square Filtred Current, Wiring Square Filtred Current, Switches Square Filtred Current
17268,0.0203401,0.0203222,0.0208169
17315,0.0203401,0.0203609,0.0207901
17378,0.0203401,0.0204355,0.0206441
17458,0.0203431,0.0205159,0.0202596
17503,0.0203431,0.0204951,0.0206143
61360,0.013262,0.0132143,0.0141025
61408,0.013262,0.0131726,0.0135332
61599,0.013262,0.0132412,0.0136524
61631,0.013262,0.0133604,0.0140309
61726,0.0132799,0.0133783,0.0131965
61788,0.0132799,0.0133991,0.0130534
61837,0.0132799,0.0133842,0.012961
61932,0.0132799,0.0134051,0.0135213
61964,0.0132799,0.0134289,0.0136822
61995,0.0132799,0.0134289,0.0135988
62027,0.0132799,0.0133783,0.013268
62107,0.0132799,0.0134021,0.0130922
62154,0.0132799,0.0133604,0.0127703
62184,0.0132799,0.0133514,0.0129819
62516,None,0.0131041,0.012213
62517,0.0132769,None,None
62565,0.0132769,0.0129282,0.0119448
62771,None,None,0.0131518
62772,0.013271,0.0129849,None
62947,0.013271,0.0130653,0.0141382
62979,0.013271,0.0131309,0.0143439
63011,0.013271,0.0131577,0.0137657
63059,0.013271,0.0131845,0.0138611
63139,0.013271,0.013122,0.0130147
63171,0.013271,0.0131428,0.013122
63421,None,None,0.0135541
63422,0.0132799,0.0130922,None
63453,None,None,0.013274
63454,0.0132799,0.0130713,None
63533,0.0132799,0.0133544,0.0135154
63677,0.0132799,0.0134885,0.0138462
63756,None,None,0.0131667
63757,0.0133276,0.0134021,None
63819,None,None,0.0133395
63820,0.0133276,0.0133008,None
63947,0.0133276,0.0132471,0.0130862
63979,0.0133276,0.0131369,0.012356
64010,None,None,0.0124335
64011,0.0133276,0.0131071,None
64041,None,None,0.0123203
64042,0.0133276,0.0131041,None
64073,0.0133276,0.0131249,0.0127107
64152,0.0133276,0.013274,0.0132918
64199,0.0133336,0.0133038,0.0135094
64230,0.0133336,0.013268,0.0131369
64262,0.0133336,0.013274,0.0130475
64294,0.0133336,0.013268,0.0123918
64388,0.0133336,0.0133187,0.013423
64563,0.0133336,0.013268,0.0137269
64593,None,None,0.0133783
64594,0.0133336,0.0132442,None
64625,0.0133336,0.0132322,0.0134379
64655,None,None,0.0135481
64656,0.0133336,0.0131607,None
64672,0.0133336,0.0131845,0.0133663
64704,0.0133246,0.0132084,0.0134051
64830,0.0133246,0.0131369,0.0129551
64986,0.0133246,0.0131875,0.01252
65033,0.0133246,0.0132143,0.0127256
65064,None,None,0.012669
65065,0.0133246,0.0131607,None
65112,0.0133246,0.0130743,0.0129193
65286,0.0133067,0.0133455,0.0137687
65317,0.0133067,0.0133246,0.0138015
65411,None,None,0.013414
65412,0.0133067,0.0132412,None
65459,None,0.0132471,0.0132084
65460,0.0133067,None,None
48,0.0133067,0.0130534,0.0127405
79,None,None,0.0125945
80,0.0133067,0.0130206,None
111,None,None,0.0125825
112,0.0133067,0.0130504,None
218,0.0132889,0.0130475,0.0129819
318,0.0132889,0.0130981,0.0129163
365,None,None,0.0127941
366,0.0132889,0.0131011,None
397,0.0132889,0.0131428,0.0129819
477,0.0132889,0.0131547,0.012973
573,0.0132889,0.0130832,0.0128597
653,0.0132889,0.0130594,0.0133336
684,None,None,0.0135303
685,0.0132799,0.0131249,None
701,0.0132799,0.0131696,0.0135899
732,0.0132799,0.0131756,0.0144064
762,None,None,0.0142962
763,0.0132799,0.0131935,None
795,0.0132799,0.0133276,0.0148296
1001,0.0132799,0.0136375,0.0148505
1096,0.0132799,0.0136226,0.0133723
1127,0.0132799,0.0135541,0.0132293
1159,0.0132799,0.0135392,0.0131249
1318,0.0133276,0.0136077,0.0130564
1350,0.0133276,0.0135839,0.0126988
1398,0.0133276,0.0135601,0.0126421
1477,0.0133276,0.0137091,0.0135243
1779,0.0133425,0.013575,0.0133067
1811,0.0133425,0.0135005,0.0127912
1874,0.0133425,0.0135273,0.0137776
1921,0.0133425,0.0134408,0.0137985
1953,0.0133425,0.0134438,0.0136107
1984,0.0133425,0.0133753,0.0136703
2014,0.0133425,0.0132829,0.0135362
2055,0.0133425,0.0133455,0.0128537
2205,0.0133693,0.0133395,0.0131786
2299,0.0133693,0.0134259,0.0136912
2347,0.0133693,0.013411,0.0131965
2379,0.0133693,0.0134468,0.0129431
2425,0.0133693,0.013411,0.0131875
2504,0.0133693,0.0132352,0.0123382
2536,0.0133693,0.0130862,0.0122815
2567,0.0133693,0.0130117,0.0121564
2613,None,None,0.0120997
2614,0.0133693,0.0128865,None
2671,None,0.0130385,0.0124395
2672,0.0133246,None,None
2739,0.0133246,0.012967,0.0130683
2787,0.0133246,0.0130802,0.0136495
2818,0.0133246,0.0131518,0.0140816
2849,0.0133246,0.0130415,0.0134766
2944,None,0.0131458,0.0143468
2945,0.0133246,None,None
2975,0.0133246,0.0131398,0.014326
3007,0.0133246,0.0131965,0.0137478
3150,0.0133246,0.0131547,0.012815
3182,0.0133097,0.0131071,0.0124604
3246,0.0133097,0.0130564,0.0126481
3325,0.0133097,0.0130832,0.0128269
3452,0.0133097,0.013268,0.0140876
3532,0.0133097,0.0134796,0.0140369
3563,None,None,0.0140309
3564,0.0133097,0.0135571,None
3608,None,None,0.013718
3609,0.0133097,0.0135392,None
3640,0.0133097,0.0134289,0.0130951
3683,0.0133127,0.0134587,0.0128478
3815,0.0133127,0.0134408,0.0136197
3862,0.0133127,0.013417,0.0134796
3955,0.0133127,0.0133246,0.0134706
3986,0.0133127,0.0133723,0.0135183
4018,0.0133127,0.0133723,0.0134557
4050,0.0133127,0.0133723,0.0132233
4128,0.0133127,0.0132799,0.0125051
4176,0.013271,0.013417,0.0128925
4207,0.013271,0.0134438,0.0128776
4255,0.013271,0.0134021,0.0131249
4334,0.013271,0.0134557,0.0135481
4365,0.013271,0.0133902,0.0133663
4380,None,None,0.0130862
4381,0.013271,0.0133514,None
4412,None,0.0133574,0.0131428
4413,0.013271,None,None
4445,0.013271,0.0133306,0.0135779
4475,0.013271,0.0132799,0.0134557
4678,None,None,0.0125259
4679,0.0132531,0.0131518,None
4771,None,0.0131816,0.0130296
4772,0.0132531,None,None
4946,0.0132531,0.0131845,0.0135809
4994,0.0132531,0.0131816,0.0137955
5025,None,0.0131726,0.0135928
5026,0.0132531,None,None
5056,0.0132531,0.0132531,0.0135452
5087,None,0.0133544,0.0140101
5088,0.0132531,None,None
5181,0.0133038,0.0134915,0.014466
5212,0.0133038,0.0134677,0.0144601
5276,None,0.0135094,0.0137299
5277,0.0133038,None,None
5356,0.0133038,0.0134885,0.0133455
5402,0.0133038,0.0134408,0.0128448
5434,0.0133038,0.0134319,0.0135064
5495,0.0133038,0.0134408,0.0133961
5590,0.0133038,0.0135303,0.0134051
5637,None,None,0.0127912
5638,0.0133038,0.0135154,None
5669,0.0132889,0.0134438,0.0124037
5701,0.0132889,0.0134796,0.0126362
5794,None,0.0134647,0.0129491
5795,0.0132889,None,None
5811,0.0132889,0.0135064,0.0132293
5843,0.0132889,0.0135154,0.0138074
5874,None,0.0135332,0.0138849
5875,0.0132889,None,None
5906,0.0132889,0.013569,0.0142545
6001,0.0132889,0.0136346,0.0144839
6049,0.0132889,0.0136852,0.0143945
6081,0.0132889,0.0136286,0.0143111
6111,0.0132889,0.0135601,0.0139445
6207,0.0133157,0.0133514,0.0128508
6255,0.0133157,0.0133693,0.0126541
6286,None,0.0133753,0.0126898
6287,0.0133157,None,None
6319,0.0133157,0.013271,0.0122994
6399,0.0133157,0.0133544,0.0128001
6430,0.0133157,0.013265,0.0129133
6462,0.0133157,0.0133425,0.0131696
6605,0.0133157,0.0134498,0.0140369
6731,0.0133127,0.0135869,0.0133872
6826,None,0.0134915,0.0132948
6827,0.0133127,None,None
6874,0.0133127,0.0135869,0.0139624
6906,0.0133127,0.0135094,0.0140339
6983,0.0133127,0.0135481,0.0143141
7030,0.0133127,0.0134766,0.0140488
7061,None,None,0.0140607
7062,0.0133127,0.0134915,None
7077,0.0133127,0.0134617,0.0138819
7109,0.0133127,0.0134557,0.0136197
7141,0.0133127,0.0134379,0.0136375
7235,None,0.0134706,0.0126421
7236,0.0133634,None,None
7299,0.0133634,0.0136167,0.0133753
7331,0.0133634,0.0136137,0.0133187
7411,0.0133634,0.0136107,0.0134975
7443,0.0133634,0.0136256,0.0139147
7474,0.0133634,0.0135988,0.0136346
7506,0.0133634,0.0136882,0.0137806
7552,0.0133634,0.013569,0.0136167
7645,None,0.0135839,0.0138819
7646,0.0133634,None,None
7693,0.0133693,0.0137329,0.0137866
7725,0.0133693,0.0137001,0.0139385
7756,None,0.013715,0.0138879
7757,0.0133693,None,None
7850,0.0133693,0.0136554,0.0140339
8088,0.0133693,0.0137359,0.0138134
8119,0.0133693,0.0136375,0.0133723
8295,0.0133842,0.0136703,0.0127673
8326,0.0133842,0.013569,0.0129938
8372,0.0133842,0.0135511,0.0128061
8546,0.0133842,0.0135869,0.0138611
8578,0.0133842,0.0135422,0.0132948
8657,None,None,0.0126868
8658,0.0133842,0.0134081,None
8689,0.0133783,0.013268,0.0124156
8721,0.0133783,0.0133067,0.0127286
8833,0.0133783,0.013274,0.0133276
8865,0.0133783,0.0132829,0.0135124
8881,0.0133783,0.013271,0.0137717
8912,0.0133783,0.0132471,0.0135541
8958,0.0133783,0.0131339,0.01342
8990,0.0133783,0.0130475,0.0130385
9165,0.0133753,0.0131577,0.0131279
9196,0.0133753,0.013119,0.0130683
9323,None,0.0132084,0.0131249
9324,0.0133753,None,None
9371,0.0133753,0.0132442,0.0133783
9450,0.0133753,0.0131428,0.0133574
9497,0.0133753,0.0132382,0.0136554
9529,0.0133753,0.0132501,0.0138402
9577,0.0133753,0.0133276,0.0137866
9656,0.0133753,0.0133246,0.0136495
9688,0.0133872,0.0133604,0.0131965
9703,None,0.0132829,0.012967
9704,0.0133872,None,None
9735,0.0133872,0.0132531,0.0126421
9767,0.0133872,0.0132293,0.0122994
9824,0.0133872,0.0131875,0.0128835
9891,0.0133872,0.0132084,0.0130057
9938,0.0133872,0.0131607,0.0128865
10064,0.0133872,0.0130683,0.0121474
10414,0.0133574,0.0130862,0.0133783
10493,0.0133574,0.0129938,0.0135481
10541,0.0133574,0.0129849,0.01342
10700,0.0133961,0.0132143,0.0139534
10827,None,None,0.0137955
10828,0.0133961,0.0133604,None
10984,0.0133961,0.0135034,0.0139296
11031,0.0133961,0.0134975,0.0131547
11110,0.0133961,0.013721,0.0134796
11142,None,0.0137687,0.0133216
11143,0.0133961,None,None
11333,0.0133753,0.0137538,0.0135809
11365,0.0133753,0.0137538,0.0136286
11380,None,0.0137508,0.0137508
11381,0.0133753,None,None
11412,0.0133753,0.0137508,0.0136524
11444,0.0133753,0.0137955,0.0136316
11537,0.0133753,0.0137568,0.0134885
11761,0.0133842,0.013724,0.0138968
11793,0.0133842,0.0136614,0.0138491
11839,0.0133842,0.0136733,0.0138968
11918,0.0133842,0.0137091,0.0140816
11950,None,None,0.0140071
11951,0.0133842,0.0136673,None
12045,0.0133842,0.0138193,0.0138432
12122,None,None,0.0137478
12123,0.0133842,0.0137717,None
12169,None,0.0138044,0.0139952
12170,0.013417,None,None
12273,0.013417,0.0137508,0.0136256
12440,0.013417,0.0137836,0.0136226
12521,0.013417,0.0136584,0.0129402
12567,None,None,0.01297
12568,0.013417,0.0136465,None
12599,None,0.0135124,0.0126421
12600,0.013417,None,None
12631,None,None,0.0124574
12632,0.013417,0.0134557,None
12743,0.0134349,0.0136137,0.0134587
12774,0.0134349,0.0135511,0.0135958
12790,0.0134349,0.0135303,0.0134975
12822,0.0134349,0.0135332,0.013876
12853,None,None,0.0138044
12854,0.0134349,0.0135213,None
12933,0.0134349,0.0134051,0.0130862
13029,0.0134349,0.01342,0.0132143
13188,0.0134259,0.0131816,0.0130117
13219,0.0134259,0.0132203,0.012821
13282,0.0134259,0.0130951,0.0123292
13362,0.0134259,0.0130624,0.0127643
13393,0.0134259,0.0131041,0.0128001
13489,0.0134259,0.0131488,0.0133425
13632,0.0134259,0.013268,0.0136763
13663,0.0134081,0.0132173,0.013721
13695,0.0134081,0.0132084,0.0135958
13790,0.0134081,0.0132501,0.0139862
13806,0.0134081,0.0132263,0.0139654
13838,0.0134081,0.0131607,0.0137001
13870,0.0134081,0.0131994,0.0139356
13949,0.0134081,0.013268,0.0134051
14043,0.0134081,0.0130743,0.0124216
14075,0.0134081,0.0130355,0.0123233
14185,0.0134081,0.0131816,0.0131309
14233,0.0134081,0.0131905,0.0131249
14280,0.0134081,0.0132561,0.0133723
14454,0.0134081,0.0133395,0.0136673
14565,0.0134081,0.0133604,0.0138521
14612,None,None,0.0138044
14613,0.0134081,0.0133783,None
14644,None,0.0133514,0.0138104
14645,0.0134081,None,None
14674,None,None,0.0138909
14675,0.0134319,0.0133574,None
14705,None,None,0.0140011
14706,0.0134319,0.013271,None
14799,0.0134319,0.0131965,0.013122
14847,0.0134319,0.0132263,0.0130475
14879,0.0134319,0.0132293,0.0132978
14911,0.0134319,0.0132322,0.0132024
15006,None,None,0.0130653
15007,0.0134319,0.0132322,None
15102,0.0134319,0.0133514,0.0128925
15182,0.0133902,0.013268,0.0134498
15213,0.0133902,0.0133038,0.0129372
15277,0.0133902,0.0131547,0.0124037
15308,None,0.0131935,0.012517
15309,0.0133902,None,None
15402,0.0133902,0.0131875,0.0124276
15449,None,None,0.0134289
15450,0.0133902,0.0131696,None
15481,0.0133902,0.0131398,0.0132948
15498,0.0133902,0.0131428,0.0131607
15577,0.0133902,0.0131279,0.0138372
15609,0.0133902,0.0131488,0.0136465
15640,0.0133902,0.0131279,0.0134885
15671,None,None,0.0139624
15672,0.0134051,0.0131398,None
15720,0.0134051,0.0131667,0.014025
15814,0.0134051,0.0132591,0.0136495
15861,None,0.0131637,0.0134408
15862,0.0134051,None,None
15893,0.0134051,0.0131875,0.0132084
15924,0.0134051,0.0131935,0.0133097
16020,0.0134051,0.0131696,0.0129014
16068,0.0134051,0.0132024,0.0132501
16100,0.0134051,0.0132829,0.0132859
16131,None,None,0.0134736
16132,0.0134051,0.0133216,None
16226,None,0.0135213,0.0145286
16227,0.0133812,None,None
16274,0.0133812,0.0135243,0.0141144
16305,None,None,0.0140429
16306,0.0133812,0.0135839,None
16447,0.0133812,0.0135154,0.0130951
16479,0.0133812,0.0136077,0.0133336
16511,0.0133812,0.0135988,0.0132978
16551,0.0133812,0.0135243,0.0131577
16622,None,0.013411,0.0128299
16623,0.0133812,None,None
16718,0.0133812,0.0133157,0.0126898
16798,0.0133812,0.0132889,0.0127614
16830,0.0133812,0.0133246,0.0131607
16860,None,0.0133902,0.0138193
16861,0.0133812,None,None
16891,None,None,0.0135124
16892,0.0133812,0.0133872,None
16907,0.0133812,0.0133872,0.0136584
16963,0.0133812,0.0134468,0.0140041
17032,0.0133812,0.0135392,0.0138193
17079,0.0133812,0.0134408,0.0136107
17111,0.0133812,0.0134081,0.0134259
17143,0.0133812,0.0133872,0.0133067
17444,0.0133723,0.0132382,0.0127792
17475,None,None,0.0129759
17476,0.0133723,0.0132173,None
17507,0.0133723,0.0133306,0.0134856
17540,0.0133723,0.0133872,0.0135601
17619,0.0133723,0.0134557,0.0141233
17715,0.0133663,0.0135332,0.013563
17763,0.0133663,0.0136077,0.0139207
17858,None,0.0135869,0.0140846
17859,0.0133663,None,None
18142,0.0133663,0.0135124,0.0130057
18380,0.0133514,0.0134736,0.0128627
18459,None,None,0.0138491
18460,0.0133514,0.0136256,None
18506,None,None,0.0136375
18507,0.0133514,0.0134379,None
18538,None,None,0.0137061
18539,0.0133514,0.0134587,None
18649,0.0133514,0.0134319,0.013122
18680,0.0133693,0.0133932,0.0133514
18696,0.0133693,0.0134021,0.0134498
18728,0.0133693,0.0133753,0.0131607
18760,0.0133693,0.0133395,0.013122
18791,None,None,0.0135601
18792,0.0133693,0.0133246,None
18949,0.0133693,0.0132054,0.0128657
18997,0.0133693,0.0131547,0.0125021
19076,0.0133693,0.0131458,0.0127345
19108,0.0133693,0.0131309,0.0128061
19139,None,None,0.0129282
19140,0.0133693,0.0131518,None
19188,0.0133544,0.0130743,0.0126362
19267,0.0133544,0.013122,0.01266
19330,0.0133544,0.0131309,0.0127643
19361,0.0133544,0.013119,0.0130981
19408,0.0133544,0.0132173,0.0135869
19487,0.0133544,0.0132203,0.0140041
19518,0.0133544,0.0132114,0.0138998
19550,0.0133544,0.0131488,0.0139207
19581,0.0133544,0.0131518,0.0138432
19613,0.0133544,0.0131726,0.0138879
19691,None,None,0.0132233
19692,0.0133663,0.0131845,None
19738,None,0.0131965,0.0134975
19739,0.0133663,None,None
19770,0.0133663,0.0132293,0.0135839
20150,0.0133663,0.0211,0.0394464
20182,0.0142336,0.0223428,0.0408202
20292,None,None,0.0425994
20293,0.0142336,0.0261366,None
20340,0.0142336,0.0264347,0.0405759
20372,None,0.0264823,0.0347853
20373,0.0142336,None,None
20403,0.0142336,0.0266075,0.0284761
20436,0.0142336,0.0270069,0.023514
20531,None,None,0.0223637
20532,0.0142336,0.028041,None
20971,0.0151306,0.0391245,0.0549525
21003,0.0151306,0.209215,1.1395
21114,None,0.382251,1.79153
21115,0.0151306,None,None
21162,0.0561565,0.43008,2.01192
21193,0.0561565,0.45287,1.41916
21368,None,None,0.889468
21369,0.0561565,0.608972,None
21400,0.0561565,0.633618,0.889963
21542,None,0.753579,0.868863
21543,0.0561565,None,None
21575,0.0561565,0.775334,0.832027
21671,0.098753,0.856966,0.873059
21955,0.098753,1.05151,0.749472
21987,None,None,0.732324
21988,0.098753,0.978607,None
22192,0.135964,0.809348,0.753105
22223,None,None,0.76229
22224,0.135964,0.808084,None
22300,None,None,0.777784
22301,0.135964,0.80018,None
22368,0.135964,0.782177,0.731802
22462,None,None,0.845537
22463,0.135964,0.793836,None
22744,0.168341,0.684953,0.463322
22792,0.168341,0.669318,0.448281
22824,0.168341,0.660801,0.454122
22967,None,None,0.400808
22968,0.168341,0.608805,None
22999,None,0.594342,0.380662
23000,0.168341,None,None
23031,0.168341,0.574651,0.354543
23063,0.168341,0.564167,0.324744
23094,0.168341,0.547585,0.304714
23189,None,None,0.301114
23190,0.186142,0.504804,None
23222,0.186142,0.491458,0.314987
23476,0.186142,0.383607,0.361019
23570,None,None,0.395852
23571,0.186142,0.377285,None
23603,0.186142,0.3764,0.398043
23634,0.186142,0.373161,0.388011
23738,0.203657,0.351804,0.314239
23810,0.203657,0.343221,0.286189
23855,None,None,0.298616
23856,0.203657,0.338277,None
23983,0.203657,0.335482,0.343606
24015,None,None,0.344524
24016,0.203657,0.338292,None
24047,0.203657,0.340235,0.340989
24150,0.203657,0.339183,0.313044
24222,0.218627,0.338233,0.313663
24285,0.218627,0.338861,0.326332
24316,None,None,0.328887
24317,0.218627,0.337389,None
24538,0.218627,0.319132,0.30036
24618,0.218627,0.313798,0.316671
24663,None,None,0.326025
24664,0.23396,0.316009,None
24696,None,0.319493,0.325567
24697,0.23396,None,None
24822,None,0.326464,0.353345
24823,0.23396,None,None
24854,0.23396,0.328222,0.363806
25013,0.23396,0.332701,0.376165
25221,0.250378,0.329509,0.298595
25347,0.250378,0.331193,0.338066
25441,None,0.337601,0.344542
25442,0.250378,None,None
25488,None,None,0.352538
25489,0.250378,0.340331,None
25520,0.250378,0.342852,0.364441
25552,0.250378,0.345582,0.378028
25631,None,0.352454,0.396365
25632,0.250378,None,None
25662,None,None,0.386286
25663,0.267759,0.351733,None
25870,None,None,0.289807
25871,0.267759,0.334665,None
25902,0.267759,0.331658,0.300914
25934,None,None,0.312692
25935,0.267759,0.329673,None
26109,0.267759,0.335258,0.326613
26141,None,0.334957,0.319678
26142,0.267759,None,None
26456,None,0.322482,0.298929
26457,0.282407,None,None
26489,0.282407,0.319877,0.286388
26520,0.282407,0.317252,0.286904
26552,None,None,0.289428
26553,0.282407,0.314465,None
26632,0.282407,0.305969,0.299919
26663,0.297046,0.305885,0.307429
26694,None,None,0.311252
26695,0.297046,0.307605,None
26725,None,None,0.310823
26726,0.297046,0.310093,None
26757,None,0.313041,0.319412
26758,0.297046,None,None
27000,None,0.325948,0.381225
27001,0.297046,None,None
27264,0.31313,0.321218,0.301677
27311,None,0.320327,0.321144
27312,0.31313,None,None
27343,None,None,0.329223
27344,0.31313,0.321141,None
27724,0.329727,0.337809,0.343189
27755,0.329727,0.334764,0.321028
27787,0.329727,0.330362,0.295171
27866,0.329727,0.324154,0.277022
27960,None,None,0.304902
27961,0.329727,0.316635,None
28007,None,0.31693,0.318211
28008,0.329727,None,None
28150,None,None,0.306568
28151,0.329727,0.321674,None
28199,0.343874,0.318593,0.291228
28325,0.343874,0.317124,0.301844
28372,0.343874,0.314724,0.301298
28609,None,None,0.268912
28610,0.343874,0.292036,None
29021,None,None,0.367382
29022,0.357348,0.308314,None
29101,None,None,0.316375
29102,0.357348,0.304246,None
29149,None,None,0.281012
29150,0.357348,0.302118,None
29292,0.372788,0.302526,0.28559
29417,None,None,0.124949
29418,0.372788,0.270027,None
29497,0.372788,0.25146,0.015381
29624,None,0.949746,3.91277
29625,0.372788,None,None
29767,None,2.0447,7.593
29768,0.483441,None,None
29798,None,2.23376,7.46139
29799,0.483441,None,None
29831,0.483441,2.45785,7.51213
29926,0.483441,3.08604,7.1461
29974,0.483441,3.26628,6.3929
30021,0.483441,3.29568,4.86798
30101,None,3.31112,2.01317
30102,0.483441,None,None
30148,None,None,0.968447
30149,0.483441,3.30642,None
30179,None,None,0.279468
30180,0.700802,3.299,None
30418,0.700802,3.2802,0.0832409
30497,None,None,0.126857
30498,0.700802,3.29112,None
30608,None,2.65036,0.14255
30609,0.700802,None,None
30927,None,0.361216,0.0838727
30928,0.704429,None,None
30975,0.704429,0.167617,0.0733614
31006,0.704429,0.127491,0.0677258
31037,0.704429,0.126413,0.0688374
31225,0.66759,0.10615,0.134104
31366,0.66759,0.114533,0.124493
31415,0.66759,0.113478,0.116625
31463,0.66759,0.110966,0.109932
31620,None,0.102454,0.0876844
31621,0.66759,None,None
31668,0.629395,0.099349,0.0765353
31763,None,None,0.0820637
31764,0.629395,0.0993758,None
31939,0.629395,0.109124,0.133038
31987,0.629395,0.111845,0.126076
32019,0.629395,0.113046,0.120807
32051,None,0.113356,0.116277
32052,0.629395,None,None
32163,0.597504,0.111377,0.11774
32369,0.597504,0.109628,0.11676
32401,None,0.109985,0.113714
32402,0.597504,None,None
32433,0.597504,0.110129,0.107345
32641,0.597504,0.121385,0.137296
32861,0.570738,0.118187,0.100443
32919,0.570738,0.11555,0.0908703
32985,0.570738,0.111964,0.0766337
33033,0.570738,0.109181,0.0680268
33065,None,None,0.0685692
33066,0.570738,0.108489,None
33097,0.570738,0.108296,0.0748485
33241,0.556976,0.109217,0.130448
33575,None,None,0.101778
33576,0.556976,0.104412,None
33623,0.556976,0.101668,0.0897795
33972,0.543928,0.106829,0.1288
34305,None,None,0.126633
34306,0.534022,0.109065,None
34385,0.534022,0.107199,0.116184
34430,None,None,0.112134
34431,0.534022,0.107065,None
34477,None,0.108463,0.105947
34478,0.534022,None,None
34699,0.52425,0.121632,0.134015
34778,None,None,0.118223
34779,0.52425,0.121382,None
35000,None,0.11124,0.0775427
35001,0.52425,None,None
35032,0.52425,0.109467,0.069499
35065,0.52425,0.108281,0.0668645
35318,0.511885,0.109175,0.129628
35445,0.511885,0.110385,0.107801
35649,0.511885,0.0999779,0.0884384
35696,None,None,0.0757396
35697,0.499025,0.0964433,None
35743,None,0.09498,0.068742
35744,0.499025,None,None
35838,0.499025,0.0973791,0.0940442
35885,0.499025,0.100008,0.116354
35916,None,0.101855,0.125876
35917,0.499025,None,None
35949,0.499025,0.103426,0.132695
36109,0.499025,0.10998,0.116345
36157,0.499025,0.109485,0.117797
36475,0.489447,0.110021,0.106403
36570,0.489447,0.114286,0.121698
36728,None,0.124311,0.129282
36729,0.480476,None,None
36775,0.480476,0.124863,0.121692
36870,0.480476,0.12047,0.106126
36917,0.480476,0.118399,0.0991851
36949,0.480476,0.117117,0.0926107
36980,None,0.115538,0.0869334
36981,0.480476,None,None
37076,0.480476,0.109655,0.0664383
37108,0.480476,0.108984,0.0672579
37489,None,None,0.11057
37490,0.468287,0.109398,None
37521,0.468287,0.108084,0.10688
37536,None,None,0.106555
37537,0.468287,0.107041,None
37569,0.468287,0.105965,0.104827
37625,0.468287,0.103563,0.0968575
37887,0.456509,0.0998944,0.108477
37933,0.456509,0.101998,0.125954
38140,0.456509,0.110084,0.110835
38172,None,None,0.10964
38173,0.447151,0.109398,None
38204,0.447151,0.108624,0.111306
38329,None,None,0.132
38330,0.447151,0.109789,None
38488,0.447151,0.1093,0.115803
38520,None,None,0.110054
38521,0.447151,0.110283,None
38551,None,0.111642,0.115016
38552,0.447151,None,None
38694,None,0.119606,0.135463
38695,0.439328,None,None
38820,0.439328,0.122491,0.113648
38980,0.439328,0.532922,2.18669
39076,0.439328,0.715846,3.14731
39122,None,0.792396,3.49565
39123,0.439328,None,None
39154,0.439328,0.849104,1.94454
39281,0.50475,1.08253,1.86436
39358,0.50475,1.20002,1.87596
39388,None,1.26262,1.91366
39389,0.50475,None,None
39421,0.50475,1.33762,1.97393
39516,0.50475,1.51865,2.05645
39548,0.50475,1.58417,2.14511
39579,None,None,2.38886
39580,0.50475,1.72174,None
39612,None,None,2.99486
39613,0.50475,1.88628,None
39802,None,None,10.4727
39803,0.540268,3.88539,None
39834,0.540268,4.40174,12.1014
40026,0.540268,8.92114,26.6402
40153,0.540268,14.2723,39.2501
40185,1.67866,15.8023,43.367
40201,1.67866,16.875,45.113
40313,1.67866,24.0454,60.417
40438,None,None,82.0514
40439,1.67866,35.4092,None
40518,1.67866,43.2495,99.4861
40565,1.67866,49.2754,109.762
40596,None,52.9742,115.179
40597,1.67866,None,None
40629,1.67866,58.1675,121.335
40708,6.61422,67.8876,135.705
40740,6.61422,73.4801,140.501
40947,6.61422,102.344,164.95
40963,6.61422,105.54,168.065
40995,None,110.659,177.356
40996,6.61422,None,None
41026,None,None,184.942
41027,6.61422,115.868,None
41059,6.61422,122.91,192.815
41217,None,None,257.43
41218,16.1845,155.772,None
41249,16.1845,166.411,275.887
41470,16.1845,235.475,408.171
41628,16.1845,291.64,488.396
41660,16.1845,308.215,510.253
41721,None,None,527.347
41722,37.6295,331.9,None
41753,37.6295,343.922,537.119
41881,37.6295,402.644,587.577
41960,None,438.896,622.07
41961,37.6295,None,None
41992,37.6295,451.856,629.382
42088,37.6295,489.938,637.986
42560,68.6996,647.427,710.44
42608,68.6996,655.555,709.947
42639,None,None,709.534
42640,68.6996,662.025,None
42671,104.188,666.484,709.082
42749,104.188,679.079,706.461
42859,None,None,699.08
42860,104.188,689.002,None
42892,104.188,690.559,696.238
42969,104.188,694.854,690.665
43000,None,None,689.045
43001,104.188,696.44,None
43161,104.188,701.083,688.332
43192,None,None,688.627
43193,138.795,700.843,None
43222,None,None,688.788
43223,138.795,700.341,None
43254,None,None,688.962
43255,138.795,699.741,None
43461,138.795,695.351,691.83
43493,138.795,694.871,692.606
43699,None,692.32,696.172
43700,173.439,None,None
43779,173.439,692.022,696.796
43987,173.439,692.927,694.458
44018,173.439,693.055,693.795
44050,173.439,693.195,692.981
44082,173.439,693.31,692.46
44209,None,693.625,691.602
44210,208.139,None,None
44256,None,693.696,691.331
44257,208.139,None,None
44331,None,None,690.296
44332,208.139,693.646,None
44463,None,693.012,688.412
44464,208.139,None,None
44511,None,692.576,687.715
44512,208.139,None,None
44701,242.479,689.903,682.368
44733,242.479,689.371,681.401
44891,242.479,686.501,678.48
44939,242.479,685.61,677.769
45035,242.479,684.074,675.759
45066,242.479,683.538,675.245
45098,242.479,682.972,674.703
45144,242.479,682.027,673.872
45223,276.28,680.383,672.274
45255,276.28,679.737,671.451
45287,276.28,679.1,670.528
45445,None,675.363,665.452
45446,276.28,None,None
45493,276.28,674.221,664.683
45525,276.28,673.54,664.226
45557,None,672.895,663.914
45558,276.28,None,None
45651,276.28,670.833,662.762
45698,309.524,670.076,661.964
45729,None,None,661.498
45730,309.524,669.327,None
45762,309.524,668.76,660.958
45921,309.524,666.707,664.033
45953,309.524,666.443,665.017
46048,309.524,665.739,667.026
46096,309.524,665.34,666.543
46128,309.524,665.093,666.091
46160,None,664.748,665.427
46161,309.524,None,None
46239,342.739,663.88,662.779
46493,342.739,659.042,643.738
46525,342.739,658.171,640.929
46557,342.739,657.243,638.434
46588,342.739,656.215,635.86
46681,374.818,652.442,627.777
46777,374.818,648.549,620.312
46965,None,None,609.127
46966,374.818,637.807,None
46997,None,635.894,607.441
46998,374.818,None,None
47075,374.818,630.592,603.012
47266,405.145,617.81,594.018
47392,405.145,609.51,587.263
47470,405.145,604.732,583.386
47515,405.145,602.563,581.998
47547,None,None,581.444
47548,405.145,600.996,None
47593,None,None,581.049
47594,405.145,598.622,None
47673,434.349,595.207,581.075
47718,434.349,593.71,581.161
47750,434.349,592.309,581.178
47782,None,591.305,581.225
47783,434.349,None,None
47909,434.349,587.565,581.533
47956,None,None,581.511
47957,434.349,586.612,None
47988,None,585.902,581.335
47989,434.349,None,None
48497,None,None,436.026
48498,463.389,551.335,None
48593,463.389,536.311,432.994
48688,None,None,429.538
48689,486.824,520.991,None
48720,486.824,516.339,428.486
48751,486.824,511.668,427.651
48783,486.824,506.948,426.776
48815,486.824,502.231,425.761
48943,486.824,481.487,422.847
48989,None,None,422.187
48990,486.824,473.525,None
49021,None,468.72,421.484
49022,486.824,None,None
49085,486.824,459.091,420.339
49212,None,None,418.507
49213,507.83,437.979,None
49245,507.83,433.106,418.306
49530,507.83,420.915,415.76
49562,507.83,420.429,415.422
49593,None,None,415.185
49594,507.83,419.979,None
49626,507.83,419.525,414.937
49817,528.485,417.169,413.352
49849,528.485,416.754,413.16
50166,547.75,414.275,411.737
50358,547.75,336.981,18.5649
50389,547.75,324.484,0.047636
50533,547.75,262.169,0.0499427
50565,547.75,249.729,0.0496835
50596,None,None,0.0493526
50597,547.75,237.293,None
50629,547.75,224.857,0.04884
50817,542.811,146.331,0.0468016
50848,None,None,0.0478566
50849,542.811,133.945,None
50928,542.811,100.942,0.047335
51023,542.811,59.7115,0.0481695
51071,542.811,39.1068,0.0476152
51166,533.239,2.10444,0.047338
51182,None,0.0478685,0.0474364
51183,533.239,None,None
51214,None,0.0477076,0.0466377
51215,533.239,None,None
51340,533.239,0.04794,0.0478417
51404,None,0.0478536,0.0482857
51405,533.239,None,None
51450,None,None,0.0482738
51451,533.239,0.0476331,None
51561,533.239,0.0474215,0.0470549
51593,533.239,0.04749,0.0473946
51625,None,None,0.0468075
51626,533.239,0.0474542,None
51657,533.239,0.0474721,0.0473738
51863,511.791,0.0475585,0.0480264
51895,511.791,0.0475258,0.0474393
51991,511.791,0.0475436,0.0481069
52021,511.791,0.0475436,0.0483125
52125,511.791,0.0476092,0.0465304
52179,None,None,0.0469267
52180,480.717,0.0474393,None
52212,480.717,0.0475407,0.0467807
52243,None,None,0.0472039
52244,480.717,0.0475705,None
52260,480.717,0.0475883,0.0473738
52354,480.717,0.0472456,0.0469744
52497,480.717,0.0470847,0.0446767
52672,445.225,0.0463933,0.0445813
52752,445.225,0.0465542,0.0461936
52799,445.225,0.0466615,0.0469685
52829,None,None,0.0477582
52830,445.225,0.0466168,None
52989,445.225,0.0463486,0.0471652
53021,445.225,0.0463068,0.0468761
53053,445.225,0.0463068,0.0460386
53084,445.225,0.0465035,0.0472307
53115,445.225,0.0463456,0.0462323
53259,None,None,0.0478983
53260,410.616,0.046429,None
53307,410.616,0.0465989,0.0488877
53400,None,None,0.0477433
53401,410.616,0.0467032,None
53432,410.616,0.0467211,0.0476092
53464,None,0.0467956,0.0471443
53465,410.616,None,None
53576,None,0.0470161,0.0470817
53577,410.616,None,None
53623,410.616,0.0472903,0.0472128
53655,410.616,0.0473201,0.0471473
53686,None,0.0472486,0.0468045
53687,375.969,None,None
53718,375.969,0.0472516,0.0458091
53796,375.969,0.0470608,0.0463992
53844,375.969,0.0469476,0.0462979
53875,375.969,0.04704,0.0463814
54067,375.969,0.0467569,0.0454307
54099,375.969,0.0467062,0.0450581
54131,375.969,0.0467062,0.0451356
54289,341.265,0.0465721,0.0481069
54348,None,None,0.0485867
54349,341.265,0.0468582,None
54415,341.265,0.046891,0.0487238
54543,341.265,0.0469595,0.0478715
54637,None,None,0.0475943
54638,341.265,0.0469327,None
54668,None,None,0.0475317
54669,306.922,0.0469685,None
54701,306.922,0.0471145,0.047341
54906,306.922,0.0467718,0.0453085
54937,None,None,0.0458956
54938,306.922,0.0469238,None
55017,None,0.0473171,0.0471503
55018,306.922,None,None
55113,306.922,0.0475138,0.0487685
55144,306.922,0.047496,0.0478953
55224,273.118,0.0473708,0.0459641
55271,None,None,0.0456482
55272,273.118,0.047043,None
55319,273.118,0.0470787,0.0455528
55447,273.118,0.046736,0.0466526
55479,273.118,0.0466108,0.0461489
55511,273.118,0.0465572,0.0460356
55543,273.118,0.0464171,0.0459462
55622,273.118,0.0463456,0.0453711
55749,239.871,0.0462949,0.0465006
55828,239.871,0.0464499,0.0472158
55875,239.871,0.0466377,0.0476331
55906,239.871,0.0468105,0.0481725
55938,239.871,0.0466287,0.0475913
56050,239.871,0.0463516,0.0465482
56097,239.871,0.04628,0.0462115
56129,239.871,0.0462323,0.0464469
56160,None,0.0463575,0.0475675
56161,239.871,None,None
56365,206.653,0.0464618,0.0455379
56445,206.653,0.0465035,0.0466943
56492,None,None,0.0476956
56493,206.653,0.046587,None
56651,206.653,0.0469655,0.0477761
56682,174.57,0.0470549,0.0478029
56714,174.57,0.0470191,0.0481218
56746,174.57,0.0469983,0.0475526
56793,174.57,0.0468433,0.0475079
56953,174.57,0.0465333,0.0448138
56985,174.57,0.0466675,0.0454992
57158,174.57,0.0463665,0.0457376
57191,144.241,0.0464231,0.0457853
57271,None,0.0467896,0.0475824
57272,144.241,None,None
57398,144.241,0.0468194,0.047946
57477,144.241,0.046882,0.0478864
57525,None,None,0.0474513
57526,144.241,0.046736,None
57557,144.241,0.0467747,0.0472844
57605,144.241,0.0468642,0.0479519
57700,115.034,0.0467896,0.0476331
57748,115.034,0.0467688,0.0474572
57780,115.034,0.0466496,0.0468642
57811,None,None,0.046581
57812,115.034,0.0468165,None
57968,None,0.0470549,0.0474423
57969,115.034,None,None
58000,115.034,0.0470728,0.0470042
58080,115.034,0.0471234,0.0466973
58127,115.034,0.0467867,0.0452697
58287,85.9903,0.0466973,0.0454336
58351,85.9903,0.0464857,0.0464231
58398,None,0.0465572,0.046888
58399,85.9903,None,None
58431,85.9903,0.0465244,0.0464678
58574,85.9903,0.0466943,0.0484109
58590,85.9903,0.0467002,0.0486851
58622,85.9903,0.046736,0.0487715
58717,62.5514,0.0467449,0.0480235
58941,62.5514,0.0465482,0.0452459
58987,None,0.046593,0.0457257
58988,62.5514,None,None
59019,None,None,0.045377
59020,62.5514,0.0465304,None
59059,62.5514,0.0466913,0.046277
59131,62.5514,0.0472397,0.0477225
59163,62.5514,0.0471681,0.0478864
59195,41.4665,0.0471741,0.0474751
59226,None,None,0.0478923
59227,41.4665,0.0471026,None
59306,41.4665,0.0469506,0.0462145
59433,41.4665,0.0468433,0.0454694
59513,41.4665,0.0466913,0.0451386
59545,41.4665,0.0466466,0.0458241
59577,41.4665,0.0466555,0.0468373
59608,41.4665,0.0466406,0.0472963
59640,41.4665,0.0466377,0.0475496
59734,20.6663,0.0463992,0.0473231
59910,20.6663,0.0464886,0.0459611
59941,20.6663,0.0466824,0.0465006
59972,None,0.0466734,0.0460207
59973,20.6663,None,None
60178,0.046885,0.0461936,0.0459582
60225,0.046885,0.0461042,0.0448227
60257,0.046885,0.0460565,0.0447005
60464,0.046885,0.046128,0.0456423
60560,0.046885,0.0461161,0.0464708
60591,0.046885,0.0460267,0.0466764
60623,None,0.0459492,0.0467211
60624,0.046885,None,None
60735,0.0467747,0.0462055,0.0470519
60766,None,None,0.0468969
60767,0.0467747,0.0461042,None
60797,0.0467747,0.0459254,0.0464737
60828,None,None,0.0463545
60829,0.0467747,0.0458539,None
60845,0.0467747,0.0459462,0.0468045
60876,None,None,0.0471711
60877,0.0467747,0.0461459,None
60972,None,0.0461847,0.046435
60973,0.0467747,None,None
61020,0.0467747,0.0460863,0.0470638
61051,None,0.0462115,0.0466466
61052,0.0467747,None,None
61082,None,0.0462383,0.0461936
61083,0.0467747,None,None
61225,0.0467271,0.0463873,0.0458598
61401,0.0467271,0.0468373,0.0476718
61560,0.0467271,0.0470847,0.0482231
61576,0.0467271,0.0471026,0.0481218
61607,None,None,0.047034
61608,0.0467271,0.0469297,None
61640,0.0467271,0.0468791,0.0469267
61672,0.0467122,0.046891,0.0461936
61845,None,0.0463337,0.0437647
61846,0.0467122,None,None
61877,0.0467122,0.0461876,0.0440836
61957,0.0467122,0.0462443,0.0454515
62004,None,None,0.0466764
62005,0.0467122,0.0464082,None
62037,0.0467122,0.0462502,0.0470668
62068,None,0.0463158,0.0473171
62069,0.0467122,None,None
62100,None,None,0.0471205
62101,0.0467122,0.0462323,None
62196,None,0.0463694,0.0464231
62197,0.0466257,None,None
62228,0.0466257,0.0462472,0.0454754
62259,None,None,0.0450492
62260,0.0466257,0.046137,None
62275,None,0.0460774,0.0448018
62276,0.0466257,None,None
62386,None,None,0.045386
62387,0.0466257,0.0460148,None
62481,0.0466257,0.0456244,0.0462443
62561,0.0466257,0.0454962,0.0458002
62592,0.0466257,0.0455528,0.0449151
62623,None,None,0.0452518
62624,0.0466257,0.0456065,None
62656,0.0466257,0.0454694,0.0453204
62704,0.0466198,0.0456482,0.0460654
62799,None,None,0.0454932
62800,0.0466198,0.0457466,None
62847,0.0466198,0.0458241,0.0456721
62879,0.0466198,0.0459313,0.0454783
62911,0.0466198,0.0460804,0.0456423
63099,0.0466198,0.045976,0.0469297
63243,0.0466079,0.0462264,0.0473917
63274,0.0466079,0.0463456,0.047493
63481,0.0466079,0.0463068,0.0460088
63513,0.0466079,0.0463545,0.0460267
63592,0.0466079,0.046441,0.0465423
63783,0.0465363,0.0467122,0.0470072
63830,0.0465363,0.046739,0.0468016
63925,None,None,0.047189
63926,0.0465363,0.04673,None
64022,0.0465363,0.0467032,0.0466496
64037,None,0.0467271,0.0465155
64038,0.0465363,None,None
64197,0.0465751,0.0463754,0.0457227
64244,0.0465751,0.0463575,0.0453949
64275,0.0465751,0.0464022,0.0459403
64306,0.0465751,0.0464469,0.0463575
64418,0.0465751,0.0462681,0.0454903
64512,0.0465751,0.0462651,0.0449777
64544,0.0465751,0.0461906,0.0452787
64624,0.0465751,0.0464112,0.0469327
64656,0.0465751,0.0463903,0.0468642
64687,0.0464618,0.0462025,0.0460625
64703,0.0464618,0.0460982,0.04583
64735,0.0464618,0.0459969,0.0462234
64814,0.0464618,0.0459731,0.045529
64942,0.0464618,0.045839,0.0457227
65006,0.0464618,0.0457764,0.0459731
65054,0.0464618,0.0458658,0.0465095
65086,0.0464618,0.0458866,0.0465423
65118,0.0464618,0.0457644,0.0462145
65355,0.0464082,0.0458896,0.0462413
65434,None,0.0461817,0.047335
65435,0.0464082,None,None
65481,0.0464082,0.0462204,0.0478387
65513,0.0464082,0.0462502,0.0480086
8,0.0464082,0.0463814,0.0476897
184,0.0464618,0.0463575,0.0465542
232,0.0464618,0.0462443,0.0453085
327,None,0.0461549,0.0446498
328,0.0464618,None,None
550,None,None,0.0477374
551,0.0464618,0.0463158,None
597,0.0464618,0.0466734,0.0481963
629,0.0464618,0.0465989,0.0473708
670,None,0.046742,0.0474721
671,0.0464231,None,None
738,0.0464231,0.0466794,0.0474513
801,0.0464231,0.0468254,0.0465095
848,0.0464231,0.0466168,0.0466257
941,0.0464231,0.0464261,0.0464857
989,0.0464231,0.0464886,0.0467777
1020,None,0.0464648,0.0466883
1021,0.0464231,None,None
1052,0.0464231,0.0466675,0.0469208
1132,0.0464112,0.0465542,0.0471294
1164,0.0464112,0.0466853,0.0475675
